2025-10-22 06:44:24 - app_new.main - INFO - 📝 Logging to file: D:\Repositories\cameronPAD_main2\logs\server_debug.log
2025-10-22 06:44:24 - app_new.core.config - INFO - Loaded configuration for environment: development
2025-10-22 06:44:24 - app_new.core.database - INFO - 🔧 Creating DatabaseManager with URL: sqlite+aiosqlite:///./data/cameronpad_dev.db
2025-10-22 06:44:24 - app_new.core.database - INFO - 📁 Using database: data/cameronpad_dev.db
2025-10-22 06:44:24 - app_new.main - INFO - Starting CameronPAD application...
2025-10-22 06:44:24 - app_new.main - INFO - Loaded configuration for environment: development
2025-10-22 06:44:24 - app_new.core.database - INFO - 🔄 Initializing database with URL: sqlite+aiosqlite:///./data/cameronpad_dev.db
2025-10-22 06:44:24 - app_new.core.database - INFO - 🔧 Creating DatabaseManager with URL: sqlite+aiosqlite:///./data/cameronpad_dev.db
2025-10-22 06:44:24 - app_new.core.database - INFO - 📁 Using database: data/cameronpad_dev.db
2025-10-22 06:44:24 - app_new.core.database - INFO - Running core database migrations...
2025-10-22 06:44:24 - app_new.core.database - INFO - Database initialization completed
2025-10-22 06:44:24 - app_new.plugins.manager - INFO - Discovered 14 plugins
2025-10-22 06:44:24 - plugins.stocks.plugin - INFO - 📈 Initializing Stocks plugin...
2025-10-22 06:44:24 - plugins.stocks.database - INFO - 🗄️ Initializing Stocks database tables...
2025-10-22 06:44:24 - plugins.stocks.database - INFO - ✅ Stocks database tables initialized
2025-10-22 06:44:24 - plugins.stocks.services - INFO - 🤖 ML Predictor initialization: ✅ Ready (using Alpha Vantage)
2025-10-22 06:44:24 - plugins.stocks.plugin - INFO - ✅ Stock service initialized with API keys from environment
2025-10-22 06:44:24 - plugins.stocks.plugin - INFO - ✅ Stocks API routes registered (including predictions)
2025-10-22 06:44:24 - plugins.stocks.plugin - INFO - ✅ Stocks routes registered
2025-10-22 06:44:24 - plugins.stocks.services - INFO - ✅ Ensured 8 showcase symbols in database
2025-10-22 06:44:24 - plugins.stocks.plugin - INFO - ✅ Stocks plugin initialized successfully
2025-10-22 06:44:24 - app_new.plugins.manager - INFO - Loaded plugin: stocks v1.0.0
2025-10-22 06:44:24 - plugins.notes.plugin - INFO - 📝 Initializing Notes plugin...
2025-10-22 06:44:24 - plugins.notes.database - INFO - 🗄️ Initializing Notes database tables at: data/cameronpad_dev.db
2025-10-22 06:44:24 - plugins.notes.database - INFO - ✅ Notes database tables initialized
2025-10-22 06:44:24 - plugins.notes.plugin - INFO - ✅ Notes plugin initialized successfully
2025-10-22 06:44:24 - app_new.plugins.manager - INFO - Loaded plugin: notes v1.0.0
2025-10-22 06:44:24 - plugins.journal.plugin - INFO - 📔 Initializing Journal plugin...
2025-10-22 06:44:24 - plugins.journal.plugin - INFO - ✅ Journal plugin initialized successfully
2025-10-22 06:44:24 - app_new.plugins.manager - INFO - Loaded plugin: journal v1.0.0
2025-10-22 06:44:24 - plugins.surf.plugin - INFO - 🏄 Initializing Surf plugin...
2025-10-22 06:44:24 - plugins.surf.database - INFO - 🗄️ Initializing Surf database tables...
2025-10-22 06:44:24 - plugins.surf.database - INFO - ✅ Surf database tables initialized
2025-10-22 06:44:24 - plugins.surf.plugin - INFO - 🌊 Starting surf update service...
2025-10-22 06:44:24 - plugins.surf.plugin - INFO - ✅ Surf update service started
2025-10-22 06:44:24 - plugins.surf.plugin - INFO - ✅ Surf plugin initialized successfully
2025-10-22 06:44:24 - app_new.plugins.manager - INFO - Loaded plugin: surf v1.0.0
2025-10-22 06:44:24 - plugins.system_monitor.plugin - INFO - 🖥️ Initializing System Monitor plugin...
2025-10-22 06:44:24 - plugins.system_monitor.plugin - INFO - ✅ System Monitor routes registered
2025-10-22 06:44:24 - plugins.system_monitor.plugin - INFO - DEBUG System Monitor registered routes: ['/ (GET)', '/info (GET)', '/cpu (GET)', '/memory (GET)', '/disk (GET)', '/network (GET)', '/all (GET)', '/metrics (GET)', '/logs (GET)', '/stats (GET)']
2025-10-22 06:44:24 - plugins.system_monitor.plugin - INFO - SUCCESS System Monitor plugin initialized successfully!
2025-10-22 06:44:24 - app_new.plugins.manager - INFO - Loaded plugin: system_monitor v1.0.0
2025-10-22 06:44:24 - plugins.hello_world.plugin - INFO - 🌍 Initializing Hello World plugin...
2025-10-22 06:44:24 - plugins.hello_world.plugin - INFO - ✅ Hello World plugin initialized successfully!
2025-10-22 06:44:24 - app_new.plugins.manager - INFO - Loaded plugin: hello_world v1.0.0
2025-10-22 06:44:24 - plugins.notepad.plugin - INFO - 📓 Initializing Notepad plugin...
2025-10-22 06:44:24 - plugins.notepad.database - INFO - 🗄️ Initializing Notepad database tables...
2025-10-22 06:44:24 - plugins.notepad.database - INFO - ✅ Notepad database tables initialized
2025-10-22 06:44:24 - plugins.notepad.plugin - INFO - ✅ Notepad plugin initialized successfully
2025-10-22 06:44:24 - app_new.plugins.manager - INFO - Loaded plugin: notepad v1.0.0
2025-10-22 06:44:24 - plugins.tradingview.plugin - INFO - 📊 Initializing TradingView plugin...
2025-10-22 06:44:24 - plugins.tradingview.database - INFO - ✅ TradingView database tables initialized
2025-10-22 06:44:24 - plugins.tradingview.plugin - INFO - ✅ TradingView plugin initialized successfully
2025-10-22 06:44:24 - app_new.plugins.manager - INFO - Loaded plugin: tradingview v1.0.0
2025-10-22 06:44:24 - plugins.lol_champions.plugin - INFO - 🎮 Initializing LoL Champions plugin (Vanilla JS)...
2025-10-22 06:44:24 - plugins.lol_champions.plugin - INFO - ✅ LoL Champions plugin initialized
2025-10-22 06:44:24 - app_new.plugins.manager - INFO - Loaded plugin: League of Legends Champions v2.0.0
2025-10-22 06:44:24 - plugins.utd_classes.plugin - INFO - 🎓 Initializing UTD Classes plugin...
2025-10-22 06:44:24 - plugins.utd_classes.plugin - INFO - ✅ UTD Classes plugin initialized successfully!
2025-10-22 06:44:24 - app_new.plugins.manager - INFO - Loaded plugin: utd_classes v1.0.0
2025-10-22 06:44:24 - plugins.basketball.plugin - INFO - 🏀 Initializing Basketball plugin...
2025-10-22 06:44:24 - plugins.basketball.plugin - INFO - ✅ Basketball plugin initialized successfully!
2025-10-22 06:44:24 - app_new.plugins.manager - INFO - Loaded plugin: basketball v1.0.0
2025-10-22 06:44:24 - plugins.football.plugin - INFO - 🏈 Initializing Football plugin...
2025-10-22 06:44:24 - plugins.football.plugin - INFO - ✅ Football plugin initialized successfully!
2025-10-22 06:44:24 - app_new.plugins.manager - INFO - Loaded plugin: football v1.0.0
2025-10-22 06:44:24 - plugins.soccer.plugin - INFO - ⚽ Initializing Soccer plugin...
2025-10-22 06:44:24 - plugins.soccer.plugin - INFO - ✅ Soccer plugin initialized successfully!
2025-10-22 06:44:24 - app_new.plugins.manager - INFO - Loaded plugin: soccer v1.0.0
2025-10-22 06:44:24 - plugins.blog.plugin - INFO - 📝 Initializing Blog plugin...
2025-10-22 06:44:24 - plugins.blog.plugin - INFO - 📝 Initializing Blog plugin database...
2025-10-22 06:44:24 - plugins.blog.models - INFO - 🗄️ Initializing Blog database tables at: data/cameronpad_dev.db
2025-10-22 06:44:24 - plugins.blog.models - INFO - ✅ Blog database tables initialized
2025-10-22 06:44:24 - plugins.blog.plugin - INFO - ✅ Blog database tables initialized
2025-10-22 06:44:24 - plugins.blog.plugin - INFO - ✅ Blog routes registered
2025-10-22 06:44:24 - plugins.blog.plugin - INFO - ✅ Blog plugin initialized successfully
2025-10-22 06:44:24 - app_new.plugins.manager - INFO - Loaded plugin: blog v1.0.0
2025-10-22 06:44:24 - app_new.plugins.manager - INFO - Loaded 14 plugins
2025-10-22 06:44:24 - app_new.plugins.registry - INFO - Registered plugin: stocks
2025-10-22 06:44:24 - app_new.plugins.registry - INFO - Registered plugin: notes
2025-10-22 06:44:24 - app_new.plugins.registry - INFO - Registered plugin: journal
2025-10-22 06:44:24 - app_new.plugins.registry - INFO - Registered plugin: surf
2025-10-22 06:44:24 - app_new.plugins.registry - INFO - Registered plugin: system_monitor
2025-10-22 06:44:24 - app_new.plugins.registry - INFO - Registered plugin: hello_world
2025-10-22 06:44:24 - app_new.plugins.registry - INFO - Registered plugin: notepad
2025-10-22 06:44:24 - app_new.plugins.registry - INFO - Registered plugin: tradingview
2025-10-22 06:44:24 - app_new.plugins.registry - INFO - Registered plugin: League of Legends Champions
2025-10-22 06:44:24 - app_new.plugins.registry - INFO - Registered plugin: utd_classes
2025-10-22 06:44:24 - app_new.plugins.registry - INFO - Registered plugin: basketball
2025-10-22 06:44:24 - app_new.plugins.registry - INFO - Registered plugin: football
2025-10-22 06:44:24 - app_new.plugins.registry - INFO - Registered plugin: soccer
2025-10-22 06:44:24 - app_new.plugins.registry - INFO - Registered plugin: blog
2025-10-22 06:44:24 - app_new.main - INFO - ✅ Included routes for plugin at startup: stocks
2025-10-22 06:44:24 - app_new.main - INFO - ✅ Included routes for plugin at startup: notes
2025-10-22 06:44:24 - app_new.main - INFO - ✅ Included routes for plugin at startup: journal
2025-10-22 06:44:24 - app_new.main - INFO - ✅ Included routes for plugin at startup: surf
2025-10-22 06:44:24 - app_new.main - INFO - ✅ Included routes for plugin at startup: system_monitor
2025-10-22 06:44:24 - app_new.main - INFO - ✅ Included routes for plugin at startup: hello_world
2025-10-22 06:44:24 - app_new.main - INFO - ✅ Included routes for plugin at startup: notepad
2025-10-22 06:44:24 - app_new.main - INFO - ✅ Included routes for plugin at startup: tradingview
2025-10-22 06:44:24 - app_new.main - INFO - ✅ Included routes for plugin at startup: lol_champions
2025-10-22 06:44:24 - app_new.main - INFO - ✅ Included routes for plugin at startup: utd_classes
2025-10-22 06:44:24 - app_new.main - INFO - ✅ Included routes for plugin at startup: basketball
2025-10-22 06:44:24 - app_new.main - INFO - ✅ Included routes for plugin at startup: football
2025-10-22 06:44:24 - app_new.main - INFO - ✅ Included routes for plugin at startup: soccer
2025-10-22 06:44:24 - app_new.main - INFO - ✅ Included routes for plugin at startup: blog
2025-10-22 06:44:24 - app_new.main - INFO - Application startup completed
2025-10-22 06:44:24 - plugins.surf.plugin - INFO - 🔄 Starting surf update loop (refresh=300s)
2025-10-22 06:44:25 - app_new.main - DEBUG - 🔍 Middleware (noop): Request to /api/v1/plugins/system_monitor/metrics
2025-10-22 06:44:25 - app_new.core.middleware - DEBUG - 🔍 Middleware: GET /api/v1/plugins/system_monitor/metrics
2025-10-22 06:44:25 - app_new.core.middleware - INFO - 🍪 Token from cookie: eyJhbGciOiJIUzI1NiIs...
2025-10-22 06:44:25 - app_new.core.middleware - INFO - 🍪 All cookies: ['access_token']
2025-10-22 06:44:25 - app_new.core.middleware - INFO - 🔍 Verifying token...
2025-10-22 06:44:25 - app_new.core.middleware - INFO - ✅ Token verified! Payload: {'sub': '5', 'username': 'admin', 'is_admin': True, 'exp': 1761219845}
2025-10-22 06:44:25 - app_new.core.themes - INFO - ✅ Theme tables initialized
2025-10-22 06:44:26 - app_new.core.themes - INFO - ✅ Loaded 6 built-in themes
2025-10-22 06:44:26 - app_new.core.middleware - INFO - ✅ User authenticated: admin
2025-10-22 06:44:26 - plugins.system_monitor.plugin - INFO - 📊 Dashboard metrics requested
2025-10-22 06:44:26 - app_new.main - DEBUG - ✅ Response status: 200
2025-10-22 06:44:27 - app_new.main - DEBUG - 🔍 Middleware (noop): Request to /api/v1/plugins/blog/
2025-10-22 06:44:27 - app_new.core.middleware - DEBUG - 🔍 Middleware: GET /api/v1/plugins/blog/
2025-10-22 06:44:27 - app_new.core.middleware - DEBUG - 🔓 Plugin blog is public (requires_auth=False)
2025-10-22 06:44:27 - app_new.core.middleware - DEBUG - ✅ Public route allowed: /api/v1/plugins/blog/
2025-10-22 06:44:27 - app_new.core.middleware - INFO - 🍪 Token from cookie: eyJhbGciOiJIUzI1NiIs...
2025-10-22 06:44:27 - app_new.core.middleware - INFO - 🍪 All cookies: ['access_token']
2025-10-22 06:44:27 - app_new.core.middleware - DEBUG - ✅ Optional auth for public route: admin
2025-10-22 06:44:27 - app_new.main - DEBUG - ✅ Response status: 200
2025-10-22 06:44:27 - app_new.main - DEBUG - 🔍 Middleware (noop): Request to /api/v1/plugins/blog/media/745eee8c-89da-4406-b3a4-3baadda98b84.mp4
2025-10-22 06:44:27 - app_new.core.middleware - DEBUG - 🔍 Middleware: GET /api/v1/plugins/blog/media/745eee8c-89da-4406-b3a4-3baadda98b84.mp4
2025-10-22 06:44:27 - app_new.core.middleware - DEBUG - 🔓 Plugin blog is public (requires_auth=False)
2025-10-22 06:44:27 - app_new.core.middleware - DEBUG - ✅ Public route allowed: /api/v1/plugins/blog/media/745eee8c-89da-4406-b3a4-3baadda98b84.mp4
2025-10-22 06:44:27 - app_new.core.middleware - INFO - 🍪 Token from cookie: eyJhbGciOiJIUzI1NiIs...
2025-10-22 06:44:27 - app_new.core.middleware - INFO - 🍪 All cookies: ['access_token']
2025-10-22 06:44:27 - app_new.core.middleware - DEBUG - ✅ Optional auth for public route: admin
2025-10-22 06:44:27 - app_new.main - DEBUG - ✅ Response status: 206
2025-10-22 06:44:27 - app_new.main - DEBUG - 🔍 Middleware (noop): Request to /api/v1/plugins/blog/media/745eee8c-89da-4406-b3a4-3baadda98b84.mp4
2025-10-22 06:44:27 - app_new.core.middleware - DEBUG - 🔍 Middleware: GET /api/v1/plugins/blog/media/745eee8c-89da-4406-b3a4-3baadda98b84.mp4
2025-10-22 06:44:27 - app_new.core.middleware - DEBUG - 🔓 Plugin blog is public (requires_auth=False)
2025-10-22 06:44:27 - app_new.core.middleware - DEBUG - ✅ Public route allowed: /api/v1/plugins/blog/media/745eee8c-89da-4406-b3a4-3baadda98b84.mp4
2025-10-22 06:44:27 - app_new.core.middleware - INFO - 🍪 Token from cookie: eyJhbGciOiJIUzI1NiIs...
2025-10-22 06:44:27 - app_new.core.middleware - INFO - 🍪 All cookies: ['access_token']
2025-10-22 06:44:27 - app_new.core.middleware - DEBUG - ✅ Optional auth for public route: admin
2025-10-22 06:44:27 - app_new.main - DEBUG - ✅ Response status: 206
2025-10-22 06:44:27 - app_new.main - DEBUG - 🔍 Middleware (noop): Request to /favicon.ico
2025-10-22 06:44:27 - app_new.core.middleware - DEBUG - 🔍 Middleware: GET /favicon.ico
2025-10-22 06:44:27 - app_new.core.middleware - DEBUG - ✅ Public route allowed: /favicon.ico
2025-10-22 06:44:27 - app_new.core.middleware - INFO - 🍪 Token from cookie: eyJhbGciOiJIUzI1NiIs...
2025-10-22 06:44:27 - app_new.core.middleware - INFO - 🍪 All cookies: ['access_token']
2025-10-22 06:44:27 - app_new.core.middleware - DEBUG - ✅ Optional auth for public route: admin
2025-10-22 06:44:27 - app_new.main - DEBUG - ✅ Response status: 204
2025-10-22 06:44:29 - app_new.main - DEBUG - 🔍 Middleware (noop): Request to /api/v1/plugins/blog/post/7
2025-10-22 06:44:29 - app_new.core.middleware - DEBUG - 🔍 Middleware: GET /api/v1/plugins/blog/post/7
2025-10-22 06:44:29 - app_new.core.middleware - DEBUG - 🔓 Plugin blog is public (requires_auth=False)
2025-10-22 06:44:29 - app_new.core.middleware - DEBUG - ✅ Public route allowed: /api/v1/plugins/blog/post/7
2025-10-22 06:44:29 - app_new.core.middleware - INFO - 🍪 Token from cookie: eyJhbGciOiJIUzI1NiIs...
2025-10-22 06:44:29 - app_new.core.middleware - INFO - 🍪 All cookies: ['access_token']
2025-10-22 06:44:29 - app_new.core.middleware - DEBUG - ✅ Optional auth for public route: admin
2025-10-22 06:44:29 - app_new.main - DEBUG - ✅ Response status: 200
2025-10-22 06:44:29 - app_new.main - DEBUG - 🔍 Middleware (noop): Request to /favicon.ico
2025-10-22 06:44:29 - app_new.core.middleware - DEBUG - 🔍 Middleware: GET /favicon.ico
2025-10-22 06:44:29 - app_new.core.middleware - DEBUG - ✅ Public route allowed: /favicon.ico
2025-10-22 06:44:29 - app_new.core.middleware - INFO - 🍪 Token from cookie: eyJhbGciOiJIUzI1NiIs...
2025-10-22 06:44:29 - app_new.core.middleware - INFO - 🍪 All cookies: ['access_token']
2025-10-22 06:44:29 - app_new.core.middleware - DEBUG - ✅ Optional auth for public route: admin
2025-10-22 06:44:29 - app_new.main - DEBUG - ✅ Response status: 204
2025-10-22 06:44:56 - app_new.main - DEBUG - 🔍 Middleware (noop): Request to /api/v1/plugins/blog/media/745eee8c-89da-4406-b3a4-3baadda98b84.mp4
2025-10-22 06:44:56 - app_new.core.middleware - DEBUG - 🔍 Middleware: GET /api/v1/plugins/blog/media/745eee8c-89da-4406-b3a4-3baadda98b84.mp4
2025-10-22 06:44:56 - app_new.core.middleware - DEBUG - 🔓 Plugin blog is public (requires_auth=False)
2025-10-22 06:44:56 - app_new.core.middleware - DEBUG - ✅ Public route allowed: /api/v1/plugins/blog/media/745eee8c-89da-4406-b3a4-3baadda98b84.mp4
2025-10-22 06:44:56 - app_new.core.middleware - INFO - 🍪 Token from cookie: eyJhbGciOiJIUzI1NiIs...
2025-10-22 06:44:56 - app_new.core.middleware - INFO - 🍪 All cookies: ['access_token']
2025-10-22 06:44:56 - app_new.core.middleware - DEBUG - ✅ Optional auth for public route: admin
2025-10-22 06:44:56 - app_new.main - DEBUG - ✅ Response status: 206
2025-10-22 06:44:56 - app_new.main - DEBUG - 🔍 Middleware (noop): Request to /api/v1/plugins/blog/media/745eee8c-89da-4406-b3a4-3baadda98b84.mp4
2025-10-22 06:44:56 - app_new.core.middleware - DEBUG - 🔍 Middleware: GET /api/v1/plugins/blog/media/745eee8c-89da-4406-b3a4-3baadda98b84.mp4
2025-10-22 06:44:56 - app_new.core.middleware - DEBUG - 🔓 Plugin blog is public (requires_auth=False)
2025-10-22 06:44:56 - app_new.core.middleware - DEBUG - ✅ Public route allowed: /api/v1/plugins/blog/media/745eee8c-89da-4406-b3a4-3baadda98b84.mp4
2025-10-22 06:44:56 - app_new.core.middleware - INFO - 🍪 Token from cookie: eyJhbGciOiJIUzI1NiIs...
2025-10-22 06:44:56 - app_new.core.middleware - INFO - 🍪 All cookies: ['access_token']
2025-10-22 06:44:56 - app_new.core.middleware - DEBUG - ✅ Optional auth for public route: admin
2025-10-22 06:44:56 - app_new.main - DEBUG - ✅ Response status: 206
2025-10-22 06:44:56 - app_new.main - DEBUG - 🔍 Middleware (noop): Request to /api/v1/plugins/blog/media/745eee8c-89da-4406-b3a4-3baadda98b84.mp4
2025-10-22 06:44:56 - app_new.core.middleware - DEBUG - 🔍 Middleware: GET /api/v1/plugins/blog/media/745eee8c-89da-4406-b3a4-3baadda98b84.mp4
2025-10-22 06:44:56 - app_new.core.middleware - DEBUG - 🔓 Plugin blog is public (requires_auth=False)
2025-10-22 06:44:56 - app_new.core.middleware - DEBUG - ✅ Public route allowed: /api/v1/plugins/blog/media/745eee8c-89da-4406-b3a4-3baadda98b84.mp4
2025-10-22 06:44:56 - app_new.core.middleware - INFO - 🍪 Token from cookie: eyJhbGciOiJIUzI1NiIs...
2025-10-22 06:44:56 - app_new.core.middleware - INFO - 🍪 All cookies: ['access_token']
2025-10-22 06:44:56 - app_new.core.middleware - DEBUG - ✅ Optional auth for public route: admin
2025-10-22 06:44:56 - app_new.main - DEBUG - ✅ Response status: 206
2025-10-22 06:44:56 - app_new.main - DEBUG - 🔍 Middleware (noop): Request to /favicon.ico
2025-10-22 06:44:56 - app_new.core.middleware - DEBUG - 🔍 Middleware: GET /favicon.ico
2025-10-22 06:44:56 - app_new.core.middleware - DEBUG - ✅ Public route allowed: /favicon.ico
2025-10-22 06:44:56 - app_new.core.middleware - INFO - 🍪 Token from cookie: eyJhbGciOiJIUzI1NiIs...
2025-10-22 06:44:56 - app_new.core.middleware - INFO - 🍪 All cookies: ['access_token']
2025-10-22 06:44:56 - app_new.core.middleware - DEBUG - ✅ Optional auth for public route: admin
2025-10-22 06:44:56 - app_new.main - DEBUG - ✅ Response status: 204
2025-10-22 06:45:03 - app_new.main - DEBUG - 🔍 Middleware (noop): Request to /api/v1/plugins/blog/
2025-10-22 06:45:03 - app_new.core.middleware - DEBUG - 🔍 Middleware: GET /api/v1/plugins/blog/
2025-10-22 06:45:03 - app_new.core.middleware - DEBUG - 🔓 Plugin blog is public (requires_auth=False)
2025-10-22 06:45:03 - app_new.core.middleware - DEBUG - ✅ Public route allowed: /api/v1/plugins/blog/
2025-10-22 06:45:03 - app_new.core.middleware - INFO - 🍪 Token from cookie: eyJhbGciOiJIUzI1NiIs...
2025-10-22 06:45:03 - app_new.core.middleware - INFO - 🍪 All cookies: ['access_token']
2025-10-22 06:45:03 - app_new.core.middleware - DEBUG - ✅ Optional auth for public route: admin
2025-10-22 06:45:03 - app_new.main - DEBUG - ✅ Response status: 200
2025-10-22 06:45:03 - app_new.main - DEBUG - 🔍 Middleware (noop): Request to /favicon.ico
2025-10-22 06:45:03 - app_new.core.middleware - DEBUG - 🔍 Middleware: GET /favicon.ico
2025-10-22 06:45:03 - app_new.core.middleware - DEBUG - ✅ Public route allowed: /favicon.ico
2025-10-22 06:45:03 - app_new.core.middleware - INFO - 🍪 Token from cookie: eyJhbGciOiJIUzI1NiIs...
2025-10-22 06:45:03 - app_new.core.middleware - INFO - 🍪 All cookies: ['access_token']
2025-10-22 06:45:03 - app_new.core.middleware - DEBUG - ✅ Optional auth for public route: admin
2025-10-22 06:45:03 - app_new.main - DEBUG - ✅ Response status: 204
2025-10-22 06:45:03 - app_new.main - DEBUG - 🔍 Middleware (noop): Request to /api/v1/plugins/blog/media/745eee8c-89da-4406-b3a4-3baadda98b84.mp4
2025-10-22 06:45:03 - app_new.core.middleware - DEBUG - 🔍 Middleware: GET /api/v1/plugins/blog/media/745eee8c-89da-4406-b3a4-3baadda98b84.mp4
2025-10-22 06:45:03 - app_new.core.middleware - DEBUG - 🔓 Plugin blog is public (requires_auth=False)
2025-10-22 06:45:03 - app_new.core.middleware - DEBUG - ✅ Public route allowed: /api/v1/plugins/blog/media/745eee8c-89da-4406-b3a4-3baadda98b84.mp4
2025-10-22 06:45:03 - app_new.core.middleware - INFO - 🍪 Token from cookie: eyJhbGciOiJIUzI1NiIs...
2025-10-22 06:45:03 - app_new.core.middleware - INFO - 🍪 All cookies: ['access_token']
2025-10-22 06:45:03 - app_new.core.middleware - DEBUG - ✅ Optional auth for public route: admin
2025-10-22 06:45:03 - app_new.main - DEBUG - ✅ Response status: 206
2025-10-22 06:45:22 - app_new.main - DEBUG - 🔍 Middleware (noop): Request to /api/v1/plugins/blog/post/create
2025-10-22 06:45:22 - app_new.core.middleware - DEBUG - 🔍 Middleware: POST /api/v1/plugins/blog/post/create
2025-10-22 06:45:22 - app_new.core.middleware - DEBUG - 🔓 Plugin blog is public (requires_auth=False)
2025-10-22 06:45:22 - app_new.core.middleware - DEBUG - ✅ Public route allowed: /api/v1/plugins/blog/post/create
2025-10-22 06:45:22 - app_new.core.middleware - INFO - 🍪 Token from cookie: eyJhbGciOiJIUzI1NiIs...
2025-10-22 06:45:22 - app_new.core.middleware - INFO - 🍪 All cookies: ['access_token']
2025-10-22 06:45:22 - app_new.core.middleware - DEBUG - ✅ Optional auth for public route: admin
2025-10-22 06:45:22 - python_multipart.multipart - DEBUG - Calling on_part_begin with no data
2025-10-22 06:45:22 - python_multipart.multipart - DEBUG - Calling on_header_field with data[42:61]
2025-10-22 06:45:22 - python_multipart.multipart - DEBUG - Calling on_header_value with data[63:86]
2025-10-22 06:45:22 - python_multipart.multipart - DEBUG - Calling on_header_end with no data
2025-10-22 06:45:22 - python_multipart.multipart - DEBUG - Calling on_headers_finished with no data
2025-10-22 06:45:22 - python_multipart.multipart - DEBUG - Calling on_part_data with data[90:104]
2025-10-22 06:45:22 - python_multipart.multipart - DEBUG - Calling on_part_end with no data
2025-10-22 06:45:22 - python_multipart.multipart - DEBUG - Calling on_part_begin with no data
2025-10-22 06:45:22 - python_multipart.multipart - DEBUG - Calling on_header_field with data[148:167]
2025-10-22 06:45:22 - python_multipart.multipart - DEBUG - Calling on_header_value with data[169:194]
2025-10-22 06:45:22 - python_multipart.multipart - DEBUG - Calling on_header_end with no data
2025-10-22 06:45:22 - python_multipart.multipart - DEBUG - Calling on_headers_finished with no data
2025-10-22 06:45:22 - python_multipart.multipart - DEBUG - Calling on_part_end with no data
2025-10-22 06:45:22 - python_multipart.multipart - DEBUG - Calling on_part_begin with no data
2025-10-22 06:45:22 - python_multipart.multipart - DEBUG - Calling on_header_field with data[242:261]
2025-10-22 06:45:22 - python_multipart.multipart - DEBUG - Calling on_header_value with data[263:317]
2025-10-22 06:45:22 - python_multipart.multipart - DEBUG - Calling on_header_end with no data
2025-10-22 06:45:22 - python_multipart.multipart - DEBUG - Calling on_header_field with data[319:331]
2025-10-22 06:45:22 - python_multipart.multipart - DEBUG - Calling on_header_value with data[333:342]
2025-10-22 06:45:22 - python_multipart.multipart - DEBUG - Calling on_header_end with no data
2025-10-22 06:45:22 - python_multipart.multipart - DEBUG - Calling on_headers_finished with no data
2025-10-22 06:45:22 - python_multipart.multipart - DEBUG - Calling on_part_data with data[346:81920]
2025-10-22 06:45:22 - python_multipart.multipart - DEBUG - Calling on_part_data with data[0:151384]
2025-10-22 06:45:22 - python_multipart.multipart - DEBUG - Calling on_part_end with no data
2025-10-22 06:45:22 - python_multipart.multipart - DEBUG - Calling on_end with no data
2025-10-22 06:45:22 - plugins.blog.plugin - INFO - ✅ Created post 8 by user admin
2025-10-22 06:45:22 - app_new.main - DEBUG - ✅ Response status: 303
2025-10-22 06:45:22 - app_new.main - DEBUG - 🔍 Middleware (noop): Request to /api/v1/plugins/blog/post/8
2025-10-22 06:45:22 - app_new.core.middleware - DEBUG - 🔍 Middleware: GET /api/v1/plugins/blog/post/8
2025-10-22 06:45:22 - app_new.core.middleware - DEBUG - 🔓 Plugin blog is public (requires_auth=False)
2025-10-22 06:45:22 - app_new.core.middleware - DEBUG - ✅ Public route allowed: /api/v1/plugins/blog/post/8
2025-10-22 06:45:22 - app_new.core.middleware - INFO - 🍪 Token from cookie: eyJhbGciOiJIUzI1NiIs...
2025-10-22 06:45:22 - app_new.core.middleware - INFO - 🍪 All cookies: ['access_token']
2025-10-22 06:45:22 - app_new.core.middleware - DEBUG - ✅ Optional auth for public route: admin
2025-10-22 06:45:23 - app_new.main - DEBUG - ✅ Response status: 200
2025-10-22 06:45:23 - app_new.main - DEBUG - 🔍 Middleware (noop): Request to /api/v1/plugins/blog/media/11f9644d-79af-4359-b749-f0b9d526923f.png
2025-10-22 06:45:23 - app_new.core.middleware - DEBUG - 🔍 Middleware: GET /api/v1/plugins/blog/media/11f9644d-79af-4359-b749-f0b9d526923f.png
2025-10-22 06:45:23 - app_new.core.middleware - DEBUG - 🔓 Plugin blog is public (requires_auth=False)
2025-10-22 06:45:23 - app_new.core.middleware - DEBUG - ✅ Public route allowed: /api/v1/plugins/blog/media/11f9644d-79af-4359-b749-f0b9d526923f.png
2025-10-22 06:45:23 - app_new.core.middleware - INFO - 🍪 Token from cookie: eyJhbGciOiJIUzI1NiIs...
2025-10-22 06:45:23 - app_new.core.middleware - INFO - 🍪 All cookies: ['access_token']
2025-10-22 06:45:23 - app_new.core.middleware - DEBUG - ✅ Optional auth for public route: admin
2025-10-22 06:45:23 - app_new.main - DEBUG - ✅ Response status: 200
2025-10-22 06:45:23 - app_new.main - DEBUG - 🔍 Middleware (noop): Request to /favicon.ico
2025-10-22 06:45:23 - app_new.core.middleware - DEBUG - 🔍 Middleware: GET /favicon.ico
2025-10-22 06:45:23 - app_new.core.middleware - DEBUG - ✅ Public route allowed: /favicon.ico
2025-10-22 06:45:23 - app_new.core.middleware - INFO - 🍪 Token from cookie: eyJhbGciOiJIUzI1NiIs...
2025-10-22 06:45:23 - app_new.core.middleware - INFO - 🍪 All cookies: ['access_token']
2025-10-22 06:45:23 - app_new.core.middleware - DEBUG - ✅ Optional auth for public route: admin
2025-10-22 06:45:23 - app_new.main - DEBUG - ✅ Response status: 204
2025-10-22 06:45:23 - app_new.main - DEBUG - 🔍 Middleware (noop): Request to /api/v1/plugins/blog/media/11f9644d-79af-4359-b749-f0b9d526923f.png
2025-10-22 06:45:23 - app_new.core.middleware - DEBUG - 🔍 Middleware: GET /api/v1/plugins/blog/media/11f9644d-79af-4359-b749-f0b9d526923f.png
2025-10-22 06:45:23 - app_new.core.middleware - DEBUG - 🔓 Plugin blog is public (requires_auth=False)
2025-10-22 06:45:23 - app_new.core.middleware - DEBUG - ✅ Public route allowed: /api/v1/plugins/blog/media/11f9644d-79af-4359-b749-f0b9d526923f.png
2025-10-22 06:45:23 - app_new.core.middleware - INFO - 🍪 Token from cookie: eyJhbGciOiJIUzI1NiIs...
2025-10-22 06:45:23 - app_new.core.middleware - INFO - 🍪 All cookies: ['access_token']
2025-10-22 06:45:23 - app_new.core.middleware - DEBUG - ✅ Optional auth for public route: admin
2025-10-22 06:45:23 - app_new.main - DEBUG - ✅ Response status: 200
2025-10-22 06:45:26 - app_new.main - DEBUG - 🔍 Middleware (noop): Request to /api/v1/plugins/blog/
2025-10-22 06:45:26 - app_new.core.middleware - DEBUG - 🔍 Middleware: GET /api/v1/plugins/blog/
2025-10-22 06:45:26 - app_new.core.middleware - DEBUG - 🔓 Plugin blog is public (requires_auth=False)
2025-10-22 06:45:26 - app_new.core.middleware - DEBUG - ✅ Public route allowed: /api/v1/plugins/blog/
2025-10-22 06:45:26 - app_new.core.middleware - INFO - 🍪 Token from cookie: eyJhbGciOiJIUzI1NiIs...
2025-10-22 06:45:26 - app_new.core.middleware - INFO - 🍪 All cookies: ['access_token']
2025-10-22 06:45:26 - app_new.core.middleware - DEBUG - ✅ Optional auth for public route: admin
2025-10-22 06:45:26 - app_new.main - DEBUG - ✅ Response status: 200
2025-10-22 06:45:26 - app_new.main - DEBUG - 🔍 Middleware (noop): Request to /api/v1/plugins/blog/media/11f9644d-79af-4359-b749-f0b9d526923f.png
2025-10-22 06:45:26 - app_new.core.middleware - DEBUG - 🔍 Middleware: GET /api/v1/plugins/blog/media/11f9644d-79af-4359-b749-f0b9d526923f.png
2025-10-22 06:45:26 - app_new.core.middleware - DEBUG - 🔓 Plugin blog is public (requires_auth=False)
2025-10-22 06:45:26 - app_new.core.middleware - DEBUG - ✅ Public route allowed: /api/v1/plugins/blog/media/11f9644d-79af-4359-b749-f0b9d526923f.png
2025-10-22 06:45:26 - app_new.core.middleware - INFO - 🍪 Token from cookie: eyJhbGciOiJIUzI1NiIs...
2025-10-22 06:45:26 - app_new.core.middleware - INFO - 🍪 All cookies: ['access_token']
2025-10-22 06:45:26 - app_new.core.middleware - DEBUG - ✅ Optional auth for public route: admin
2025-10-22 06:45:26 - app_new.main - DEBUG - ✅ Response status: 200
2025-10-22 06:45:26 - app_new.main - DEBUG - 🔍 Middleware (noop): Request to /favicon.ico
2025-10-22 06:45:26 - app_new.core.middleware - DEBUG - 🔍 Middleware: GET /favicon.ico
2025-10-22 06:45:26 - app_new.core.middleware - DEBUG - ✅ Public route allowed: /favicon.ico
2025-10-22 06:45:26 - app_new.core.middleware - INFO - 🍪 Token from cookie: eyJhbGciOiJIUzI1NiIs...
2025-10-22 06:45:26 - app_new.core.middleware - INFO - 🍪 All cookies: ['access_token']
2025-10-22 06:45:26 - app_new.core.middleware - DEBUG - ✅ Optional auth for public route: admin
2025-10-22 06:45:26 - app_new.main - DEBUG - ✅ Response status: 204
2025-10-22 06:45:35 - app_new.main - DEBUG - 🔍 Middleware (noop): Request to /api/v1/plugins/blog/media/11f9644d-79af-4359-b749-f0b9d526923f.png
2025-10-22 06:45:35 - app_new.core.middleware - DEBUG - 🔍 Middleware: GET /api/v1/plugins/blog/media/11f9644d-79af-4359-b749-f0b9d526923f.png
2025-10-22 06:45:35 - app_new.core.middleware - DEBUG - 🔓 Plugin blog is public (requires_auth=False)
2025-10-22 06:45:35 - app_new.core.middleware - DEBUG - ✅ Public route allowed: /api/v1/plugins/blog/media/11f9644d-79af-4359-b749-f0b9d526923f.png
2025-10-22 06:45:35 - app_new.core.middleware - INFO - 🍪 Token from cookie: eyJhbGciOiJIUzI1NiIs...
2025-10-22 06:45:35 - app_new.core.middleware - INFO - 🍪 All cookies: ['access_token']
2025-10-22 06:45:35 - app_new.core.middleware - DEBUG - ✅ Optional auth for public route: admin
2025-10-22 06:45:35 - app_new.main - DEBUG - ✅ Response status: 200
2025-10-22 06:45:37 - app_new.main - DEBUG - 🔍 Middleware (noop): Request to /api/v1/plugins/blog/post/8
2025-10-22 06:45:37 - app_new.core.middleware - DEBUG - 🔍 Middleware: GET /api/v1/plugins/blog/post/8
2025-10-22 06:45:37 - app_new.core.middleware - DEBUG - 🔓 Plugin blog is public (requires_auth=False)
2025-10-22 06:45:37 - app_new.core.middleware - DEBUG - ✅ Public route allowed: /api/v1/plugins/blog/post/8
2025-10-22 06:45:37 - app_new.core.middleware - INFO - 🍪 Token from cookie: eyJhbGciOiJIUzI1NiIs...
2025-10-22 06:45:37 - app_new.core.middleware - INFO - 🍪 All cookies: ['access_token']
2025-10-22 06:45:37 - app_new.core.middleware - DEBUG - ✅ Optional auth for public route: admin
2025-10-22 06:45:37 - app_new.main - DEBUG - ✅ Response status: 200
2025-10-22 06:45:37 - app_new.main - DEBUG - 🔍 Middleware (noop): Request to /api/v1/plugins/blog/media/11f9644d-79af-4359-b749-f0b9d526923f.png
2025-10-22 06:45:37 - app_new.core.middleware - DEBUG - 🔍 Middleware: GET /api/v1/plugins/blog/media/11f9644d-79af-4359-b749-f0b9d526923f.png
2025-10-22 06:45:37 - app_new.core.middleware - DEBUG - 🔓 Plugin blog is public (requires_auth=False)
2025-10-22 06:45:37 - app_new.core.middleware - DEBUG - ✅ Public route allowed: /api/v1/plugins/blog/media/11f9644d-79af-4359-b749-f0b9d526923f.png
2025-10-22 06:45:37 - app_new.core.middleware - INFO - 🍪 Token from cookie: eyJhbGciOiJIUzI1NiIs...
2025-10-22 06:45:37 - app_new.core.middleware - INFO - 🍪 All cookies: ['access_token']
2025-10-22 06:45:37 - app_new.core.middleware - DEBUG - ✅ Optional auth for public route: admin
2025-10-22 06:45:37 - app_new.main - DEBUG - ✅ Response status: 200
2025-10-22 06:45:37 - app_new.main - DEBUG - 🔍 Middleware (noop): Request to /favicon.ico
2025-10-22 06:45:37 - app_new.core.middleware - DEBUG - 🔍 Middleware: GET /favicon.ico
2025-10-22 06:45:37 - app_new.core.middleware - DEBUG - ✅ Public route allowed: /favicon.ico
2025-10-22 06:45:37 - app_new.core.middleware - INFO - 🍪 Token from cookie: eyJhbGciOiJIUzI1NiIs...
2025-10-22 06:45:37 - app_new.core.middleware - INFO - 🍪 All cookies: ['access_token']
2025-10-22 06:45:37 - app_new.core.middleware - DEBUG - ✅ Optional auth for public route: admin
2025-10-22 06:45:37 - app_new.main - DEBUG - ✅ Response status: 204
2025-10-22 06:45:40 - app_new.main - DEBUG - 🔍 Middleware (noop): Request to /api/v1/plugins/blog/
2025-10-22 06:45:40 - app_new.core.middleware - DEBUG - 🔍 Middleware: GET /api/v1/plugins/blog/
2025-10-22 06:45:40 - app_new.core.middleware - DEBUG - 🔓 Plugin blog is public (requires_auth=False)
2025-10-22 06:45:40 - app_new.core.middleware - DEBUG - ✅ Public route allowed: /api/v1/plugins/blog/
2025-10-22 06:45:40 - app_new.core.middleware - INFO - 🍪 Token from cookie: eyJhbGciOiJIUzI1NiIs...
2025-10-22 06:45:40 - app_new.core.middleware - INFO - 🍪 All cookies: ['access_token']
2025-10-22 06:45:40 - app_new.core.middleware - DEBUG - ✅ Optional auth for public route: admin
2025-10-22 06:45:40 - app_new.main - DEBUG - ✅ Response status: 200
2025-10-22 06:45:40 - app_new.main - DEBUG - 🔍 Middleware (noop): Request to /api/v1/plugins/blog/media/11f9644d-79af-4359-b749-f0b9d526923f.png
2025-10-22 06:45:40 - app_new.core.middleware - DEBUG - 🔍 Middleware: GET /api/v1/plugins/blog/media/11f9644d-79af-4359-b749-f0b9d526923f.png
2025-10-22 06:45:40 - app_new.core.middleware - DEBUG - 🔓 Plugin blog is public (requires_auth=False)
2025-10-22 06:45:40 - app_new.core.middleware - DEBUG - ✅ Public route allowed: /api/v1/plugins/blog/media/11f9644d-79af-4359-b749-f0b9d526923f.png
2025-10-22 06:45:40 - app_new.core.middleware - INFO - 🍪 Token from cookie: eyJhbGciOiJIUzI1NiIs...
2025-10-22 06:45:40 - app_new.core.middleware - INFO - 🍪 All cookies: ['access_token']
2025-10-22 06:45:40 - app_new.core.middleware - DEBUG - ✅ Optional auth for public route: admin
2025-10-22 06:45:40 - app_new.main - DEBUG - ✅ Response status: 200
2025-10-22 06:45:40 - app_new.main - DEBUG - 🔍 Middleware (noop): Request to /favicon.ico
2025-10-22 06:45:40 - app_new.core.middleware - DEBUG - 🔍 Middleware: GET /favicon.ico
2025-10-22 06:45:40 - app_new.core.middleware - DEBUG - ✅ Public route allowed: /favicon.ico
2025-10-22 06:45:40 - app_new.core.middleware - INFO - 🍪 Token from cookie: eyJhbGciOiJIUzI1NiIs...
2025-10-22 06:45:40 - app_new.core.middleware - INFO - 🍪 All cookies: ['access_token']
2025-10-22 06:45:40 - app_new.core.middleware - DEBUG - ✅ Optional auth for public route: admin
2025-10-22 06:45:40 - app_new.main - DEBUG - ✅ Response status: 204
2025-10-22 06:45:45 - app_new.main - DEBUG - 🔍 Middleware (noop): Request to /
2025-10-22 06:45:45 - app_new.core.middleware - DEBUG - 🔍 Middleware: GET /
2025-10-22 06:45:45 - app_new.core.middleware - INFO - 🍪 Token from cookie: eyJhbGciOiJIUzI1NiIs...
2025-10-22 06:45:45 - app_new.core.middleware - INFO - 🍪 All cookies: ['access_token']
2025-10-22 06:45:45 - app_new.core.middleware - INFO - 🔍 Verifying token...
2025-10-22 06:45:45 - app_new.core.middleware - INFO - ✅ Token verified! Payload: {'sub': '5', 'username': 'admin', 'is_admin': True, 'exp': 1761219845}
2025-10-22 06:45:45 - app_new.core.themes - INFO - ✅ Theme tables initialized
2025-10-22 06:45:45 - app_new.core.themes - INFO - ✅ Loaded 6 built-in themes
2025-10-22 06:45:45 - app_new.core.middleware - INFO - ✅ User authenticated: admin
2025-10-22 06:45:45 - app_new.main - INFO - 🏠 Public landing page accessed
2025-10-22 06:45:45 - app_new.main - DEBUG - ✅ Response status: 307
2025-10-22 06:45:45 - app_new.main - DEBUG - 🔍 Middleware (noop): Request to /app
2025-10-22 06:45:45 - app_new.core.middleware - DEBUG - 🔍 Middleware: GET /app
2025-10-22 06:45:45 - app_new.core.middleware - INFO - 🍪 Token from cookie: eyJhbGciOiJIUzI1NiIs...
2025-10-22 06:45:45 - app_new.core.middleware - INFO - 🍪 All cookies: ['access_token']
2025-10-22 06:45:45 - app_new.core.middleware - INFO - 🔍 Verifying token...
2025-10-22 06:45:45 - app_new.core.middleware - INFO - ✅ Token verified! Payload: {'sub': '5', 'username': 'admin', 'is_admin': True, 'exp': 1761219845}
2025-10-22 06:45:45 - app_new.core.themes - INFO - ✅ Theme tables initialized
2025-10-22 06:45:45 - app_new.core.themes - INFO - ✅ Loaded 6 built-in themes
2025-10-22 06:45:45 - app_new.core.middleware - INFO - ✅ User authenticated: admin
2025-10-22 06:45:45 - app_new.main - INFO - 📱 Main app (/app) accessed by user: admin
2025-10-22 06:45:45 - app_new.main - INFO - 🎨 Templates object: True
2025-10-22 06:45:45 - app_new.main - DEBUG - ✅ Response status: 200
2025-10-22 06:45:45 - app_new.main - DEBUG - 🔍 Middleware (noop): Request to /templates/dashboard_apple_styles.css
2025-10-22 06:45:45 - app_new.core.middleware - DEBUG - 🔍 Middleware: GET /templates/dashboard_apple_styles.css
2025-10-22 06:45:45 - app_new.core.middleware - INFO - 🍪 Token from cookie: eyJhbGciOiJIUzI1NiIs...
2025-10-22 06:45:45 - app_new.core.middleware - INFO - 🍪 All cookies: ['access_token']
2025-10-22 06:45:45 - app_new.core.middleware - INFO - 🔍 Verifying token...
2025-10-22 06:45:45 - app_new.core.middleware - INFO - ✅ Token verified! Payload: {'sub': '5', 'username': 'admin', 'is_admin': True, 'exp': 1761219845}
2025-10-22 06:45:45 - app_new.core.themes - INFO - ✅ Theme tables initialized
2025-10-22 06:45:46 - app_new.core.themes - INFO - ✅ Loaded 6 built-in themes
2025-10-22 06:45:46 - app_new.core.middleware - INFO - ✅ User authenticated: admin
2025-10-22 06:45:46 - app_new.main - DEBUG - ✅ Response status: 404
2025-10-22 06:45:46 - app_new.main - DEBUG - 🔍 Middleware (noop): Request to /api/v1/plugins/system_monitor/metrics
2025-10-22 06:45:46 - app_new.core.middleware - DEBUG - 🔍 Middleware: GET /api/v1/plugins/system_monitor/metrics
2025-10-22 06:45:46 - app_new.core.middleware - INFO - 🍪 Token from cookie: eyJhbGciOiJIUzI1NiIs...
2025-10-22 06:45:46 - app_new.core.middleware - INFO - 🍪 All cookies: ['access_token']
2025-10-22 06:45:46 - app_new.core.middleware - INFO - 🔍 Verifying token...
2025-10-22 06:45:46 - app_new.core.middleware - INFO - ✅ Token verified! Payload: {'sub': '5', 'username': 'admin', 'is_admin': True, 'exp': 1761219845}
2025-10-22 06:45:46 - app_new.core.themes - INFO - ✅ Theme tables initialized
2025-10-22 06:45:46 - app_new.core.themes - INFO - ✅ Loaded 6 built-in themes
2025-10-22 06:45:46 - app_new.core.middleware - INFO - ✅ User authenticated: admin
2025-10-22 06:45:46 - plugins.system_monitor.plugin - INFO - 📊 Dashboard metrics requested
2025-10-22 06:45:46 - app_new.main - DEBUG - 🔍 Middleware (noop): Request to /favicon.ico
2025-10-22 06:45:46 - app_new.main - DEBUG - ✅ Response status: 200
2025-10-22 06:45:46 - app_new.core.middleware - DEBUG - 🔍 Middleware: GET /favicon.ico
2025-10-22 06:45:46 - app_new.core.middleware - DEBUG - ✅ Public route allowed: /favicon.ico
2025-10-22 06:45:46 - app_new.core.middleware - INFO - 🍪 Token from cookie: eyJhbGciOiJIUzI1NiIs...
2025-10-22 06:45:46 - app_new.core.middleware - INFO - 🍪 All cookies: ['access_token']
2025-10-22 06:45:46 - app_new.core.middleware - DEBUG - ✅ Optional auth for public route: admin
2025-10-22 06:45:46 - app_new.main - DEBUG - ✅ Response status: 204
2025-10-22 06:45:49 - app_new.main - DEBUG - 🔍 Middleware (noop): Request to /api/v1/plugins/blog/
2025-10-22 06:45:49 - app_new.core.middleware - DEBUG - 🔍 Middleware: GET /api/v1/plugins/blog/
2025-10-22 06:45:49 - app_new.core.middleware - DEBUG - 🔓 Plugin blog is public (requires_auth=False)
2025-10-22 06:45:49 - app_new.core.middleware - DEBUG - ✅ Public route allowed: /api/v1/plugins/blog/
2025-10-22 06:45:49 - app_new.core.middleware - INFO - 🍪 Token from cookie: eyJhbGciOiJIUzI1NiIs...
2025-10-22 06:45:49 - app_new.core.middleware - INFO - 🍪 All cookies: ['access_token']
2025-10-22 06:45:49 - app_new.core.middleware - DEBUG - ✅ Optional auth for public route: admin
2025-10-22 06:45:49 - app_new.main - DEBUG - ✅ Response status: 200
2025-10-22 06:45:49 - app_new.main - DEBUG - 🔍 Middleware (noop): Request to /api/v1/plugins/blog/media/11f9644d-79af-4359-b749-f0b9d526923f.png
2025-10-22 06:45:49 - app_new.core.middleware - DEBUG - 🔍 Middleware: GET /api/v1/plugins/blog/media/11f9644d-79af-4359-b749-f0b9d526923f.png
2025-10-22 06:45:49 - app_new.core.middleware - DEBUG - 🔓 Plugin blog is public (requires_auth=False)
2025-10-22 06:45:49 - app_new.core.middleware - DEBUG - ✅ Public route allowed: /api/v1/plugins/blog/media/11f9644d-79af-4359-b749-f0b9d526923f.png
2025-10-22 06:45:49 - app_new.core.middleware - INFO - 🍪 Token from cookie: eyJhbGciOiJIUzI1NiIs...
2025-10-22 06:45:49 - app_new.core.middleware - INFO - 🍪 All cookies: ['access_token']
2025-10-22 06:45:49 - app_new.core.middleware - DEBUG - ✅ Optional auth for public route: admin
2025-10-22 06:45:49 - app_new.main - DEBUG - ✅ Response status: 200
2025-10-22 06:45:49 - app_new.main - DEBUG - 🔍 Middleware (noop): Request to /favicon.ico
2025-10-22 06:45:49 - app_new.core.middleware - DEBUG - 🔍 Middleware: GET /favicon.ico
2025-10-22 06:45:49 - app_new.core.middleware - DEBUG - ✅ Public route allowed: /favicon.ico
2025-10-22 06:45:49 - app_new.core.middleware - INFO - 🍪 Token from cookie: eyJhbGciOiJIUzI1NiIs...
2025-10-22 06:45:49 - app_new.core.middleware - INFO - 🍪 All cookies: ['access_token']
2025-10-22 06:45:49 - app_new.core.middleware - DEBUG - ✅ Optional auth for public route: admin
2025-10-22 06:45:49 - app_new.main - DEBUG - ✅ Response status: 204
2025-10-22 06:45:57 - app_new.main - DEBUG - 🔍 Middleware (noop): Request to /
2025-10-22 06:45:57 - app_new.core.middleware - DEBUG - 🔍 Middleware: GET /
2025-10-22 06:45:57 - app_new.core.middleware - INFO - 🍪 Token from cookie: eyJhbGciOiJIUzI1NiIs...
2025-10-22 06:45:57 - app_new.core.middleware - INFO - 🍪 All cookies: ['access_token']
2025-10-22 06:45:57 - app_new.core.middleware - INFO - 🔍 Verifying token...
2025-10-22 06:45:57 - app_new.core.middleware - INFO - ✅ Token verified! Payload: {'sub': '5', 'username': 'admin', 'is_admin': True, 'exp': 1761219845}
2025-10-22 06:45:57 - app_new.core.themes - INFO - ✅ Theme tables initialized
2025-10-22 06:45:57 - app_new.core.themes - INFO - ✅ Loaded 6 built-in themes
2025-10-22 06:45:57 - app_new.core.middleware - INFO - ✅ User authenticated: admin
2025-10-22 06:45:57 - app_new.main - INFO - 🏠 Public landing page accessed
2025-10-22 06:45:57 - app_new.main - DEBUG - ✅ Response status: 307
2025-10-22 06:45:57 - app_new.main - DEBUG - 🔍 Middleware (noop): Request to /app
2025-10-22 06:45:57 - app_new.core.middleware - DEBUG - 🔍 Middleware: GET /app
2025-10-22 06:45:57 - app_new.core.middleware - INFO - 🍪 Token from cookie: eyJhbGciOiJIUzI1NiIs...
2025-10-22 06:45:57 - app_new.core.middleware - INFO - 🍪 All cookies: ['access_token']
2025-10-22 06:45:57 - app_new.core.middleware - INFO - 🔍 Verifying token...
2025-10-22 06:45:57 - app_new.core.middleware - INFO - ✅ Token verified! Payload: {'sub': '5', 'username': 'admin', 'is_admin': True, 'exp': 1761219845}
2025-10-22 06:45:57 - app_new.core.themes - INFO - ✅ Theme tables initialized
2025-10-22 06:45:57 - app_new.core.themes - INFO - ✅ Loaded 6 built-in themes
2025-10-22 06:45:57 - app_new.core.middleware - INFO - ✅ User authenticated: admin
2025-10-22 06:45:57 - app_new.main - INFO - 📱 Main app (/app) accessed by user: admin
2025-10-22 06:45:57 - app_new.main - INFO - 🎨 Templates object: True
2025-10-22 06:45:57 - app_new.main - DEBUG - ✅ Response status: 200
2025-10-22 06:45:57 - app_new.main - DEBUG - 🔍 Middleware (noop): Request to /templates/dashboard_apple_styles.css
2025-10-22 06:45:57 - app_new.core.middleware - DEBUG - 🔍 Middleware: GET /templates/dashboard_apple_styles.css
2025-10-22 06:45:57 - app_new.core.middleware - INFO - 🍪 Token from cookie: eyJhbGciOiJIUzI1NiIs...
2025-10-22 06:45:57 - app_new.core.middleware - INFO - 🍪 All cookies: ['access_token']
2025-10-22 06:45:57 - app_new.core.middleware - INFO - 🔍 Verifying token...
2025-10-22 06:45:57 - app_new.core.middleware - INFO - ✅ Token verified! Payload: {'sub': '5', 'username': 'admin', 'is_admin': True, 'exp': 1761219845}
2025-10-22 06:45:57 - app_new.core.themes - INFO - ✅ Theme tables initialized
2025-10-22 06:45:57 - app_new.core.themes - INFO - ✅ Loaded 6 built-in themes
2025-10-22 06:45:57 - app_new.core.middleware - INFO - ✅ User authenticated: admin
2025-10-22 06:45:57 - app_new.main - DEBUG - ✅ Response status: 404
2025-10-22 06:45:57 - app_new.main - DEBUG - 🔍 Middleware (noop): Request to /api/v1/plugins/system_monitor/metrics
2025-10-22 06:45:57 - app_new.core.middleware - DEBUG - 🔍 Middleware: GET /api/v1/plugins/system_monitor/metrics
2025-10-22 06:45:57 - app_new.core.middleware - INFO - 🍪 Token from cookie: eyJhbGciOiJIUzI1NiIs...
2025-10-22 06:45:57 - app_new.core.middleware - INFO - 🍪 All cookies: ['access_token']
2025-10-22 06:45:57 - app_new.core.middleware - INFO - 🔍 Verifying token...
2025-10-22 06:45:57 - app_new.core.middleware - INFO - ✅ Token verified! Payload: {'sub': '5', 'username': 'admin', 'is_admin': True, 'exp': 1761219845}
2025-10-22 06:45:57 - app_new.core.themes - INFO - ✅ Theme tables initialized
2025-10-22 06:45:57 - app_new.core.themes - INFO - ✅ Loaded 6 built-in themes
2025-10-22 06:45:57 - app_new.core.middleware - INFO - ✅ User authenticated: admin
2025-10-22 06:45:57 - plugins.system_monitor.plugin - INFO - 📊 Dashboard metrics requested
2025-10-22 06:45:57 - app_new.main - DEBUG - 🔍 Middleware (noop): Request to /favicon.ico
2025-10-22 06:45:57 - app_new.main - DEBUG - ✅ Response status: 200
2025-10-22 06:45:57 - app_new.core.middleware - DEBUG - 🔍 Middleware: GET /favicon.ico
2025-10-22 06:45:57 - app_new.core.middleware - DEBUG - ✅ Public route allowed: /favicon.ico
2025-10-22 06:45:57 - app_new.core.middleware - INFO - 🍪 Token from cookie: eyJhbGciOiJIUzI1NiIs...
2025-10-22 06:45:57 - app_new.core.middleware - INFO - 🍪 All cookies: ['access_token']
2025-10-22 06:45:57 - app_new.core.middleware - DEBUG - ✅ Optional auth for public route: admin
2025-10-22 06:45:57 - app_new.main - DEBUG - ✅ Response status: 204
2025-10-22 06:46:02 - app_new.main - DEBUG - 🔍 Middleware (noop): Request to /api/v1/plugins/system_monitor/metrics
2025-10-22 06:46:02 - app_new.core.middleware - DEBUG - 🔍 Middleware: GET /api/v1/plugins/system_monitor/metrics
2025-10-22 06:46:02 - app_new.core.middleware - INFO - 🍪 Token from cookie: eyJhbGciOiJIUzI1NiIs...
2025-10-22 06:46:02 - app_new.core.middleware - INFO - 🍪 All cookies: ['access_token']
2025-10-22 06:46:02 - app_new.core.middleware - INFO - 🔍 Verifying token...
2025-10-22 06:46:02 - app_new.core.middleware - INFO - ✅ Token verified! Payload: {'sub': '5', 'username': 'admin', 'is_admin': True, 'exp': 1761219845}
2025-10-22 06:46:02 - app_new.core.themes - INFO - ✅ Theme tables initialized
2025-10-22 06:46:02 - app_new.core.themes - INFO - ✅ Loaded 6 built-in themes
2025-10-22 06:46:02 - app_new.core.middleware - INFO - ✅ User authenticated: admin
2025-10-22 06:46:02 - plugins.system_monitor.plugin - INFO - 📊 Dashboard metrics requested
2025-10-22 06:46:02 - app_new.main - DEBUG - ✅ Response status: 200
2025-10-22 06:46:07 - app_new.main - DEBUG - 🔍 Middleware (noop): Request to /api/v1/plugins/system_monitor/metrics
2025-10-22 06:46:07 - app_new.core.middleware - DEBUG - 🔍 Middleware: GET /api/v1/plugins/system_monitor/metrics
2025-10-22 06:46:07 - app_new.core.middleware - INFO - 🍪 Token from cookie: eyJhbGciOiJIUzI1NiIs...
2025-10-22 06:46:07 - app_new.core.middleware - INFO - 🍪 All cookies: ['access_token']
2025-10-22 06:46:07 - app_new.core.middleware - INFO - 🔍 Verifying token...
2025-10-22 06:46:07 - app_new.core.middleware - INFO - ✅ Token verified! Payload: {'sub': '5', 'username': 'admin', 'is_admin': True, 'exp': 1761219845}
2025-10-22 06:46:07 - app_new.core.themes - INFO - ✅ Theme tables initialized
2025-10-22 06:46:07 - app_new.core.themes - INFO - ✅ Loaded 6 built-in themes
2025-10-22 06:46:07 - app_new.core.middleware - INFO - ✅ User authenticated: admin
2025-10-22 06:46:07 - plugins.system_monitor.plugin - INFO - 📊 Dashboard metrics requested
2025-10-22 06:46:07 - app_new.main - DEBUG - ✅ Response status: 200
2025-10-22 06:46:12 - app_new.main - DEBUG - 🔍 Middleware (noop): Request to /api/v1/plugins/system_monitor/metrics
2025-10-22 06:46:12 - app_new.core.middleware - DEBUG - 🔍 Middleware: GET /api/v1/plugins/system_monitor/metrics
2025-10-22 06:46:12 - app_new.core.middleware - INFO - 🍪 Token from cookie: eyJhbGciOiJIUzI1NiIs...
2025-10-22 06:46:12 - app_new.core.middleware - INFO - 🍪 All cookies: ['access_token']
2025-10-22 06:46:12 - app_new.core.middleware - INFO - 🔍 Verifying token...
2025-10-22 06:46:12 - app_new.core.middleware - INFO - ✅ Token verified! Payload: {'sub': '5', 'username': 'admin', 'is_admin': True, 'exp': 1761219845}
2025-10-22 06:46:12 - app_new.core.themes - INFO - ✅ Theme tables initialized
2025-10-22 06:46:12 - app_new.core.themes - INFO - ✅ Loaded 6 built-in themes
2025-10-22 06:46:12 - app_new.core.middleware - INFO - ✅ User authenticated: admin
2025-10-22 06:46:12 - plugins.system_monitor.plugin - INFO - 📊 Dashboard metrics requested
2025-10-22 06:46:12 - app_new.main - DEBUG - ✅ Response status: 200
2025-10-22 06:46:17 - app_new.main - DEBUG - 🔍 Middleware (noop): Request to /api/v1/plugins/system_monitor/metrics
2025-10-22 06:46:17 - app_new.core.middleware - DEBUG - 🔍 Middleware: GET /api/v1/plugins/system_monitor/metrics
2025-10-22 06:46:17 - app_new.core.middleware - INFO - 🍪 Token from cookie: eyJhbGciOiJIUzI1NiIs...
2025-10-22 06:46:17 - app_new.core.middleware - INFO - 🍪 All cookies: ['access_token']
2025-10-22 06:46:17 - app_new.core.middleware - INFO - 🔍 Verifying token...
2025-10-22 06:46:17 - app_new.core.middleware - INFO - ✅ Token verified! Payload: {'sub': '5', 'username': 'admin', 'is_admin': True, 'exp': 1761219845}
2025-10-22 06:46:17 - app_new.core.themes - INFO - ✅ Theme tables initialized
2025-10-22 06:46:17 - app_new.core.themes - INFO - ✅ Loaded 6 built-in themes
2025-10-22 06:46:17 - app_new.core.middleware - INFO - ✅ User authenticated: admin
2025-10-22 06:46:17 - plugins.system_monitor.plugin - INFO - 📊 Dashboard metrics requested
2025-10-22 06:46:17 - app_new.main - DEBUG - ✅ Response status: 200
2025-10-22 06:46:22 - app_new.main - DEBUG - 🔍 Middleware (noop): Request to /api/v1/plugins/system_monitor/metrics
2025-10-22 06:46:22 - app_new.core.middleware - DEBUG - 🔍 Middleware: GET /api/v1/plugins/system_monitor/metrics
2025-10-22 06:46:22 - app_new.core.middleware - INFO - 🍪 Token from cookie: eyJhbGciOiJIUzI1NiIs...
2025-10-22 06:46:22 - app_new.core.middleware - INFO - 🍪 All cookies: ['access_token']
2025-10-22 06:46:22 - app_new.core.middleware - INFO - 🔍 Verifying token...
2025-10-22 06:46:22 - app_new.core.middleware - INFO - ✅ Token verified! Payload: {'sub': '5', 'username': 'admin', 'is_admin': True, 'exp': 1761219845}
2025-10-22 06:46:22 - app_new.core.themes - INFO - ✅ Theme tables initialized
2025-10-22 06:46:22 - app_new.core.themes - INFO - ✅ Loaded 6 built-in themes
2025-10-22 06:46:22 - app_new.core.middleware - INFO - ✅ User authenticated: admin
2025-10-22 06:46:22 - plugins.system_monitor.plugin - INFO - 📊 Dashboard metrics requested
2025-10-22 06:46:22 - app_new.main - DEBUG - ✅ Response status: 200
2025-10-22 06:46:27 - app_new.main - DEBUG - 🔍 Middleware (noop): Request to /api/v1/plugins/system_monitor/metrics
2025-10-22 06:46:27 - app_new.core.middleware - DEBUG - 🔍 Middleware: GET /api/v1/plugins/system_monitor/metrics
2025-10-22 06:46:27 - app_new.core.middleware - INFO - 🍪 Token from cookie: eyJhbGciOiJIUzI1NiIs...
2025-10-22 06:46:27 - app_new.core.middleware - INFO - 🍪 All cookies: ['access_token']
2025-10-22 06:46:27 - app_new.core.middleware - INFO - 🔍 Verifying token...
2025-10-22 06:46:27 - app_new.core.middleware - INFO - ✅ Token verified! Payload: {'sub': '5', 'username': 'admin', 'is_admin': True, 'exp': 1761219845}
2025-10-22 06:46:27 - app_new.core.themes - INFO - ✅ Theme tables initialized
2025-10-22 06:46:27 - app_new.core.themes - INFO - ✅ Loaded 6 built-in themes
2025-10-22 06:46:27 - app_new.core.middleware - INFO - ✅ User authenticated: admin
2025-10-22 06:46:27 - plugins.system_monitor.plugin - INFO - 📊 Dashboard metrics requested
2025-10-22 06:46:27 - app_new.main - DEBUG - ✅ Response status: 200
2025-10-22 06:46:32 - app_new.main - DEBUG - 🔍 Middleware (noop): Request to /api/v1/plugins/system_monitor/metrics
2025-10-22 06:46:32 - app_new.core.middleware - DEBUG - 🔍 Middleware: GET /api/v1/plugins/system_monitor/metrics
2025-10-22 06:46:32 - app_new.core.middleware - INFO - 🍪 Token from cookie: eyJhbGciOiJIUzI1NiIs...
2025-10-22 06:46:32 - app_new.core.middleware - INFO - 🍪 All cookies: ['access_token']
2025-10-22 06:46:32 - app_new.core.middleware - INFO - 🔍 Verifying token...
2025-10-22 06:46:32 - app_new.core.middleware - INFO - ✅ Token verified! Payload: {'sub': '5', 'username': 'admin', 'is_admin': True, 'exp': 1761219845}
2025-10-22 06:46:32 - app_new.core.themes - INFO - ✅ Theme tables initialized
2025-10-22 06:46:32 - app_new.core.themes - INFO - ✅ Loaded 6 built-in themes
2025-10-22 06:46:32 - app_new.core.middleware - INFO - ✅ User authenticated: admin
2025-10-22 06:46:32 - plugins.system_monitor.plugin - INFO - 📊 Dashboard metrics requested
2025-10-22 06:46:32 - app_new.main - DEBUG - ✅ Response status: 200
2025-10-22 06:46:37 - app_new.main - DEBUG - 🔍 Middleware (noop): Request to /api/v1/plugins/system_monitor/metrics
2025-10-22 06:46:37 - app_new.core.middleware - DEBUG - 🔍 Middleware: GET /api/v1/plugins/system_monitor/metrics
2025-10-22 06:46:37 - app_new.core.middleware - INFO - 🍪 Token from cookie: eyJhbGciOiJIUzI1NiIs...
2025-10-22 06:46:37 - app_new.core.middleware - INFO - 🍪 All cookies: ['access_token']
2025-10-22 06:46:37 - app_new.core.middleware - INFO - 🔍 Verifying token...
2025-10-22 06:46:37 - app_new.core.middleware - INFO - ✅ Token verified! Payload: {'sub': '5', 'username': 'admin', 'is_admin': True, 'exp': 1761219845}
2025-10-22 06:46:37 - app_new.core.themes - INFO - ✅ Theme tables initialized
2025-10-22 06:46:37 - app_new.core.themes - INFO - ✅ Loaded 6 built-in themes
2025-10-22 06:46:37 - app_new.core.middleware - INFO - ✅ User authenticated: admin
2025-10-22 06:46:37 - plugins.system_monitor.plugin - INFO - 📊 Dashboard metrics requested
2025-10-22 06:46:37 - app_new.main - DEBUG - ✅ Response status: 200
2025-10-22 06:46:42 - app_new.main - DEBUG - 🔍 Middleware (noop): Request to /api/v1/plugins/system_monitor/metrics
2025-10-22 06:46:42 - app_new.core.middleware - DEBUG - 🔍 Middleware: GET /api/v1/plugins/system_monitor/metrics
2025-10-22 06:46:42 - app_new.core.middleware - INFO - 🍪 Token from cookie: eyJhbGciOiJIUzI1NiIs...
2025-10-22 06:46:42 - app_new.core.middleware - INFO - 🍪 All cookies: ['access_token']
2025-10-22 06:46:42 - app_new.core.middleware - INFO - 🔍 Verifying token...
2025-10-22 06:46:42 - app_new.core.middleware - INFO - ✅ Token verified! Payload: {'sub': '5', 'username': 'admin', 'is_admin': True, 'exp': 1761219845}
2025-10-22 06:46:42 - app_new.core.themes - INFO - ✅ Theme tables initialized
2025-10-22 06:46:42 - app_new.core.themes - INFO - ✅ Loaded 6 built-in themes
2025-10-22 06:46:42 - app_new.core.middleware - INFO - ✅ User authenticated: admin
2025-10-22 06:46:42 - plugins.system_monitor.plugin - INFO - 📊 Dashboard metrics requested
2025-10-22 06:46:42 - app_new.main - DEBUG - ✅ Response status: 200
2025-10-22 06:46:47 - app_new.main - DEBUG - 🔍 Middleware (noop): Request to /api/v1/plugins/system_monitor/metrics
2025-10-22 06:46:47 - app_new.core.middleware - DEBUG - 🔍 Middleware: GET /api/v1/plugins/system_monitor/metrics
2025-10-22 06:46:47 - app_new.core.middleware - INFO - 🍪 Token from cookie: eyJhbGciOiJIUzI1NiIs...
2025-10-22 06:46:47 - app_new.core.middleware - INFO - 🍪 All cookies: ['access_token']
2025-10-22 06:46:47 - app_new.core.middleware - INFO - 🔍 Verifying token...
2025-10-22 06:46:47 - app_new.core.middleware - INFO - ✅ Token verified! Payload: {'sub': '5', 'username': 'admin', 'is_admin': True, 'exp': 1761219845}
2025-10-22 06:46:47 - app_new.core.themes - INFO - ✅ Theme tables initialized
2025-10-22 06:46:47 - app_new.core.themes - INFO - ✅ Loaded 6 built-in themes
2025-10-22 06:46:47 - app_new.core.middleware - INFO - ✅ User authenticated: admin
2025-10-22 06:46:47 - plugins.system_monitor.plugin - INFO - 📊 Dashboard metrics requested
2025-10-22 06:46:47 - app_new.main - DEBUG - ✅ Response status: 200
2025-10-22 06:46:52 - app_new.main - DEBUG - 🔍 Middleware (noop): Request to /api/v1/plugins/system_monitor/metrics
2025-10-22 06:46:52 - app_new.core.middleware - DEBUG - 🔍 Middleware: GET /api/v1/plugins/system_monitor/metrics
2025-10-22 06:46:52 - app_new.core.middleware - INFO - 🍪 Token from cookie: eyJhbGciOiJIUzI1NiIs...
2025-10-22 06:46:52 - app_new.core.middleware - INFO - 🍪 All cookies: ['access_token']
2025-10-22 06:46:52 - app_new.core.middleware - INFO - 🔍 Verifying token...
2025-10-22 06:46:52 - app_new.core.middleware - INFO - ✅ Token verified! Payload: {'sub': '5', 'username': 'admin', 'is_admin': True, 'exp': 1761219845}
2025-10-22 06:46:52 - app_new.core.themes - INFO - ✅ Theme tables initialized
2025-10-22 06:46:52 - app_new.core.themes - INFO - ✅ Loaded 6 built-in themes
2025-10-22 06:46:52 - app_new.core.middleware - INFO - ✅ User authenticated: admin
2025-10-22 06:46:52 - plugins.system_monitor.plugin - INFO - 📊 Dashboard metrics requested
2025-10-22 06:46:52 - app_new.main - DEBUG - ✅ Response status: 200
2025-10-22 06:46:57 - app_new.main - DEBUG - 🔍 Middleware (noop): Request to /api/v1/plugins/system_monitor/metrics
2025-10-22 06:46:57 - app_new.core.middleware - DEBUG - 🔍 Middleware: GET /api/v1/plugins/system_monitor/metrics
2025-10-22 06:46:57 - app_new.core.middleware - INFO - 🍪 Token from cookie: eyJhbGciOiJIUzI1NiIs...
2025-10-22 06:46:57 - app_new.core.middleware - INFO - 🍪 All cookies: ['access_token']
2025-10-22 06:46:57 - app_new.core.middleware - INFO - 🔍 Verifying token...
2025-10-22 06:46:57 - app_new.core.middleware - INFO - ✅ Token verified! Payload: {'sub': '5', 'username': 'admin', 'is_admin': True, 'exp': 1761219845}
2025-10-22 06:46:57 - app_new.core.themes - INFO - ✅ Theme tables initialized
2025-10-22 06:46:57 - app_new.core.themes - INFO - ✅ Loaded 6 built-in themes
2025-10-22 06:46:57 - app_new.core.middleware - INFO - ✅ User authenticated: admin
2025-10-22 06:46:57 - plugins.system_monitor.plugin - INFO - 📊 Dashboard metrics requested
2025-10-22 06:46:57 - app_new.main - DEBUG - ✅ Response status: 200
2025-10-22 06:47:02 - app_new.main - DEBUG - 🔍 Middleware (noop): Request to /api/v1/plugins/system_monitor/metrics
2025-10-22 06:47:02 - app_new.core.middleware - DEBUG - 🔍 Middleware: GET /api/v1/plugins/system_monitor/metrics
2025-10-22 06:47:02 - app_new.core.middleware - INFO - 🍪 Token from cookie: eyJhbGciOiJIUzI1NiIs...
2025-10-22 06:47:02 - app_new.core.middleware - INFO - 🍪 All cookies: ['access_token']
2025-10-22 06:47:02 - app_new.core.middleware - INFO - 🔍 Verifying token...
2025-10-22 06:47:02 - app_new.core.middleware - INFO - ✅ Token verified! Payload: {'sub': '5', 'username': 'admin', 'is_admin': True, 'exp': 1761219845}
2025-10-22 06:47:02 - app_new.core.themes - INFO - ✅ Theme tables initialized
2025-10-22 06:47:02 - app_new.core.themes - INFO - ✅ Loaded 6 built-in themes
2025-10-22 06:47:02 - app_new.core.middleware - INFO - ✅ User authenticated: admin
2025-10-22 06:47:02 - plugins.system_monitor.plugin - INFO - 📊 Dashboard metrics requested
2025-10-22 06:47:02 - app_new.main - DEBUG - ✅ Response status: 200
2025-10-22 06:47:07 - app_new.main - DEBUG - 🔍 Middleware (noop): Request to /api/v1/plugins/system_monitor/metrics
2025-10-22 06:47:07 - app_new.core.middleware - DEBUG - 🔍 Middleware: GET /api/v1/plugins/system_monitor/metrics
2025-10-22 06:47:07 - app_new.core.middleware - INFO - 🍪 Token from cookie: eyJhbGciOiJIUzI1NiIs...
2025-10-22 06:47:07 - app_new.core.middleware - INFO - 🍪 All cookies: ['access_token']
2025-10-22 06:47:07 - app_new.core.middleware - INFO - 🔍 Verifying token...
2025-10-22 06:47:07 - app_new.core.middleware - INFO - ✅ Token verified! Payload: {'sub': '5', 'username': 'admin', 'is_admin': True, 'exp': 1761219845}
2025-10-22 06:47:07 - app_new.core.themes - INFO - ✅ Theme tables initialized
2025-10-22 06:47:07 - app_new.core.themes - INFO - ✅ Loaded 6 built-in themes
2025-10-22 06:47:07 - app_new.core.middleware - INFO - ✅ User authenticated: admin
2025-10-22 06:47:07 - plugins.system_monitor.plugin - INFO - 📊 Dashboard metrics requested
2025-10-22 06:47:07 - app_new.main - DEBUG - ✅ Response status: 200
2025-10-22 06:47:12 - app_new.main - DEBUG - 🔍 Middleware (noop): Request to /api/v1/plugins/system_monitor/metrics
2025-10-22 06:47:12 - app_new.core.middleware - DEBUG - 🔍 Middleware: GET /api/v1/plugins/system_monitor/metrics
2025-10-22 06:47:12 - app_new.core.middleware - INFO - 🍪 Token from cookie: eyJhbGciOiJIUzI1NiIs...
2025-10-22 06:47:12 - app_new.core.middleware - INFO - 🍪 All cookies: ['access_token']
2025-10-22 06:47:12 - app_new.core.middleware - INFO - 🔍 Verifying token...
2025-10-22 06:47:12 - app_new.core.middleware - INFO - ✅ Token verified! Payload: {'sub': '5', 'username': 'admin', 'is_admin': True, 'exp': 1761219845}
2025-10-22 06:47:12 - app_new.core.themes - INFO - ✅ Theme tables initialized
2025-10-22 06:47:12 - app_new.core.themes - INFO - ✅ Loaded 6 built-in themes
2025-10-22 06:47:12 - app_new.core.middleware - INFO - ✅ User authenticated: admin
2025-10-22 06:47:12 - plugins.system_monitor.plugin - INFO - 📊 Dashboard metrics requested
2025-10-22 06:47:12 - app_new.main - DEBUG - ✅ Response status: 200
2025-10-22 06:47:17 - app_new.main - DEBUG - 🔍 Middleware (noop): Request to /api/v1/plugins/system_monitor/metrics
2025-10-22 06:47:17 - app_new.core.middleware - DEBUG - 🔍 Middleware: GET /api/v1/plugins/system_monitor/metrics
2025-10-22 06:47:17 - app_new.core.middleware - INFO - 🍪 Token from cookie: eyJhbGciOiJIUzI1NiIs...
2025-10-22 06:47:17 - app_new.core.middleware - INFO - 🍪 All cookies: ['access_token']
2025-10-22 06:47:17 - app_new.core.middleware - INFO - 🔍 Verifying token...
2025-10-22 06:47:17 - app_new.core.middleware - INFO - ✅ Token verified! Payload: {'sub': '5', 'username': 'admin', 'is_admin': True, 'exp': 1761219845}
2025-10-22 06:47:17 - app_new.core.themes - INFO - ✅ Theme tables initialized
2025-10-22 06:47:17 - app_new.core.themes - INFO - ✅ Loaded 6 built-in themes
2025-10-22 06:47:17 - app_new.core.middleware - INFO - ✅ User authenticated: admin
2025-10-22 06:47:17 - plugins.system_monitor.plugin - INFO - 📊 Dashboard metrics requested
2025-10-22 06:47:17 - app_new.main - DEBUG - ✅ Response status: 200
2025-10-22 06:47:22 - app_new.main - DEBUG - 🔍 Middleware (noop): Request to /api/v1/plugins/system_monitor/metrics
2025-10-22 06:47:22 - app_new.core.middleware - DEBUG - 🔍 Middleware: GET /api/v1/plugins/system_monitor/metrics
2025-10-22 06:47:22 - app_new.core.middleware - INFO - 🍪 Token from cookie: eyJhbGciOiJIUzI1NiIs...
2025-10-22 06:47:22 - app_new.core.middleware - INFO - 🍪 All cookies: ['access_token']
2025-10-22 06:47:22 - app_new.core.middleware - INFO - 🔍 Verifying token...
2025-10-22 06:47:22 - app_new.core.middleware - INFO - ✅ Token verified! Payload: {'sub': '5', 'username': 'admin', 'is_admin': True, 'exp': 1761219845}
2025-10-22 06:47:22 - app_new.core.themes - INFO - ✅ Theme tables initialized
2025-10-22 06:47:22 - app_new.core.themes - INFO - ✅ Loaded 6 built-in themes
2025-10-22 06:47:22 - app_new.core.middleware - INFO - ✅ User authenticated: admin
2025-10-22 06:47:22 - plugins.system_monitor.plugin - INFO - 📊 Dashboard metrics requested
2025-10-22 06:47:22 - app_new.main - DEBUG - ✅ Response status: 200
2025-10-22 06:47:27 - app_new.main - DEBUG - 🔍 Middleware (noop): Request to /api/v1/plugins/system_monitor/metrics
2025-10-22 06:47:27 - app_new.core.middleware - DEBUG - 🔍 Middleware: GET /api/v1/plugins/system_monitor/metrics
2025-10-22 06:47:27 - app_new.core.middleware - INFO - 🍪 Token from cookie: eyJhbGciOiJIUzI1NiIs...
2025-10-22 06:47:27 - app_new.core.middleware - INFO - 🍪 All cookies: ['access_token']
2025-10-22 06:47:27 - app_new.core.middleware - INFO - 🔍 Verifying token...
2025-10-22 06:47:27 - app_new.core.middleware - INFO - ✅ Token verified! Payload: {'sub': '5', 'username': 'admin', 'is_admin': True, 'exp': 1761219845}
2025-10-22 06:47:27 - app_new.core.themes - INFO - ✅ Theme tables initialized
2025-10-22 06:47:27 - app_new.core.themes - INFO - ✅ Loaded 6 built-in themes
2025-10-22 06:47:27 - app_new.core.middleware - INFO - ✅ User authenticated: admin
2025-10-22 06:47:27 - plugins.system_monitor.plugin - INFO - 📊 Dashboard metrics requested
2025-10-22 06:47:27 - app_new.main - DEBUG - ✅ Response status: 200
2025-10-22 06:47:32 - app_new.main - DEBUG - 🔍 Middleware (noop): Request to /api/v1/plugins/system_monitor/metrics
2025-10-22 06:47:32 - app_new.core.middleware - DEBUG - 🔍 Middleware: GET /api/v1/plugins/system_monitor/metrics
2025-10-22 06:47:32 - app_new.core.middleware - INFO - 🍪 Token from cookie: eyJhbGciOiJIUzI1NiIs...
2025-10-22 06:47:32 - app_new.core.middleware - INFO - 🍪 All cookies: ['access_token']
2025-10-22 06:47:32 - app_new.core.middleware - INFO - 🔍 Verifying token...
2025-10-22 06:47:32 - app_new.core.middleware - INFO - ✅ Token verified! Payload: {'sub': '5', 'username': 'admin', 'is_admin': True, 'exp': 1761219845}
2025-10-22 06:47:32 - app_new.core.themes - INFO - ✅ Theme tables initialized
2025-10-22 06:47:33 - app_new.core.themes - INFO - ✅ Loaded 6 built-in themes
2025-10-22 06:47:33 - app_new.core.middleware - INFO - ✅ User authenticated: admin
2025-10-22 06:47:33 - plugins.system_monitor.plugin - INFO - 📊 Dashboard metrics requested
2025-10-22 06:47:33 - app_new.main - DEBUG - ✅ Response status: 200
2025-10-22 06:47:37 - app_new.main - DEBUG - 🔍 Middleware (noop): Request to /api/v1/plugins/system_monitor/metrics
2025-10-22 06:47:37 - app_new.core.middleware - DEBUG - 🔍 Middleware: GET /api/v1/plugins/system_monitor/metrics
2025-10-22 06:47:37 - app_new.core.middleware - INFO - 🍪 Token from cookie: eyJhbGciOiJIUzI1NiIs...
2025-10-22 06:47:37 - app_new.core.middleware - INFO - 🍪 All cookies: ['access_token']
2025-10-22 06:47:37 - app_new.core.middleware - INFO - 🔍 Verifying token...
2025-10-22 06:47:37 - app_new.core.middleware - INFO - ✅ Token verified! Payload: {'sub': '5', 'username': 'admin', 'is_admin': True, 'exp': 1761219845}
2025-10-22 06:47:37 - app_new.core.themes - INFO - ✅ Theme tables initialized
2025-10-22 06:47:37 - app_new.core.themes - INFO - ✅ Loaded 6 built-in themes
2025-10-22 06:47:37 - app_new.core.middleware - INFO - ✅ User authenticated: admin
2025-10-22 06:47:37 - plugins.system_monitor.plugin - INFO - 📊 Dashboard metrics requested
2025-10-22 06:47:37 - app_new.main - DEBUG - ✅ Response status: 200
2025-10-22 06:47:42 - app_new.main - DEBUG - 🔍 Middleware (noop): Request to /api/v1/plugins/system_monitor/metrics
2025-10-22 06:47:42 - app_new.core.middleware - DEBUG - 🔍 Middleware: GET /api/v1/plugins/system_monitor/metrics
2025-10-22 06:47:42 - app_new.core.middleware - INFO - 🍪 Token from cookie: eyJhbGciOiJIUzI1NiIs...
2025-10-22 06:47:42 - app_new.core.middleware - INFO - 🍪 All cookies: ['access_token']
2025-10-22 06:47:42 - app_new.core.middleware - INFO - 🔍 Verifying token...
2025-10-22 06:47:42 - app_new.core.middleware - INFO - ✅ Token verified! Payload: {'sub': '5', 'username': 'admin', 'is_admin': True, 'exp': 1761219845}
2025-10-22 06:47:42 - app_new.core.themes - INFO - ✅ Theme tables initialized
2025-10-22 06:47:42 - app_new.core.themes - INFO - ✅ Loaded 6 built-in themes
2025-10-22 06:47:42 - app_new.core.middleware - INFO - ✅ User authenticated: admin
2025-10-22 06:47:42 - plugins.system_monitor.plugin - INFO - 📊 Dashboard metrics requested
2025-10-22 06:47:42 - app_new.main - DEBUG - ✅ Response status: 200
2025-10-22 06:48:23 - app_new.main - DEBUG - 🔍 Middleware (noop): Request to /api/v1/plugins/system_monitor/metrics
2025-10-22 06:48:23 - app_new.core.middleware - DEBUG - 🔍 Middleware: GET /api/v1/plugins/system_monitor/metrics
2025-10-22 06:48:23 - app_new.core.middleware - INFO - 🍪 Token from cookie: eyJhbGciOiJIUzI1NiIs...
2025-10-22 06:48:23 - app_new.core.middleware - INFO - 🍪 All cookies: ['access_token']
2025-10-22 06:48:23 - app_new.core.middleware - INFO - 🔍 Verifying token...
2025-10-22 06:48:23 - app_new.core.middleware - INFO - ✅ Token verified! Payload: {'sub': '5', 'username': 'admin', 'is_admin': True, 'exp': 1761219845}
2025-10-22 06:48:23 - app_new.core.themes - INFO - ✅ Theme tables initialized
2025-10-22 06:48:23 - app_new.core.themes - INFO - ✅ Loaded 6 built-in themes
2025-10-22 06:48:23 - app_new.core.middleware - INFO - ✅ User authenticated: admin
2025-10-22 06:48:23 - plugins.system_monitor.plugin - INFO - 📊 Dashboard metrics requested
2025-10-22 06:48:24 - app_new.main - DEBUG - ✅ Response status: 200
2025-10-22 06:48:27 - app_new.main - DEBUG - 🔍 Middleware (noop): Request to /api/v1/plugins/system_monitor/metrics
2025-10-22 06:48:27 - app_new.core.middleware - DEBUG - 🔍 Middleware: GET /api/v1/plugins/system_monitor/metrics
2025-10-22 06:48:27 - app_new.core.middleware - INFO - 🍪 Token from cookie: eyJhbGciOiJIUzI1NiIs...
2025-10-22 06:48:27 - app_new.core.middleware - INFO - 🍪 All cookies: ['access_token']
2025-10-22 06:48:27 - app_new.core.middleware - INFO - 🔍 Verifying token...
2025-10-22 06:48:27 - app_new.core.middleware - INFO - ✅ Token verified! Payload: {'sub': '5', 'username': 'admin', 'is_admin': True, 'exp': 1761219845}
2025-10-22 06:48:27 - app_new.core.themes - INFO - ✅ Theme tables initialized
2025-10-22 06:48:27 - app_new.core.themes - INFO - ✅ Loaded 6 built-in themes
2025-10-22 06:48:27 - app_new.core.middleware - INFO - ✅ User authenticated: admin
2025-10-22 06:48:27 - plugins.system_monitor.plugin - INFO - 📊 Dashboard metrics requested
2025-10-22 06:48:27 - app_new.main - DEBUG - ✅ Response status: 200
2025-10-22 06:48:32 - app_new.main - DEBUG - 🔍 Middleware (noop): Request to /api/v1/plugins/system_monitor/metrics
2025-10-22 06:48:32 - app_new.core.middleware - DEBUG - 🔍 Middleware: GET /api/v1/plugins/system_monitor/metrics
2025-10-22 06:48:32 - app_new.core.middleware - INFO - 🍪 Token from cookie: eyJhbGciOiJIUzI1NiIs...
2025-10-22 06:48:32 - app_new.core.middleware - INFO - 🍪 All cookies: ['access_token']
2025-10-22 06:48:32 - app_new.core.middleware - INFO - 🔍 Verifying token...
2025-10-22 06:48:32 - app_new.core.middleware - INFO - ✅ Token verified! Payload: {'sub': '5', 'username': 'admin', 'is_admin': True, 'exp': 1761219845}
2025-10-22 06:48:32 - app_new.core.themes - INFO - ✅ Theme tables initialized
2025-10-22 06:48:32 - app_new.core.themes - INFO - ✅ Loaded 6 built-in themes
2025-10-22 06:48:32 - app_new.core.middleware - INFO - ✅ User authenticated: admin
2025-10-22 06:48:32 - plugins.system_monitor.plugin - INFO - 📊 Dashboard metrics requested
2025-10-22 06:48:32 - app_new.main - DEBUG - ✅ Response status: 200
2025-10-22 06:48:37 - app_new.main - DEBUG - 🔍 Middleware (noop): Request to /api/v1/plugins/system_monitor/metrics
2025-10-22 06:48:37 - app_new.core.middleware - DEBUG - 🔍 Middleware: GET /api/v1/plugins/system_monitor/metrics
2025-10-22 06:48:37 - app_new.core.middleware - INFO - 🍪 Token from cookie: eyJhbGciOiJIUzI1NiIs...
2025-10-22 06:48:37 - app_new.core.middleware - INFO - 🍪 All cookies: ['access_token']
2025-10-22 06:48:37 - app_new.core.middleware - INFO - 🔍 Verifying token...
2025-10-22 06:48:37 - app_new.core.middleware - INFO - ✅ Token verified! Payload: {'sub': '5', 'username': 'admin', 'is_admin': True, 'exp': 1761219845}
2025-10-22 06:48:37 - app_new.core.themes - INFO - ✅ Theme tables initialized
2025-10-22 06:48:37 - app_new.core.themes - INFO - ✅ Loaded 6 built-in themes
2025-10-22 06:48:37 - app_new.core.middleware - INFO - ✅ User authenticated: admin
2025-10-22 06:48:37 - plugins.system_monitor.plugin - INFO - 📊 Dashboard metrics requested
2025-10-22 06:48:37 - app_new.main - DEBUG - ✅ Response status: 200
2025-10-22 06:48:42 - app_new.main - DEBUG - 🔍 Middleware (noop): Request to /api/v1/plugins/system_monitor/metrics
2025-10-22 06:48:42 - app_new.core.middleware - DEBUG - 🔍 Middleware: GET /api/v1/plugins/system_monitor/metrics
2025-10-22 06:48:42 - app_new.core.middleware - INFO - 🍪 Token from cookie: eyJhbGciOiJIUzI1NiIs...
2025-10-22 06:48:42 - app_new.core.middleware - INFO - 🍪 All cookies: ['access_token']
2025-10-22 06:48:42 - app_new.core.middleware - INFO - 🔍 Verifying token...
2025-10-22 06:48:42 - app_new.core.middleware - INFO - ✅ Token verified! Payload: {'sub': '5', 'username': 'admin', 'is_admin': True, 'exp': 1761219845}
2025-10-22 06:48:42 - app_new.core.themes - INFO - ✅ Theme tables initialized
2025-10-22 06:48:42 - app_new.core.themes - INFO - ✅ Loaded 6 built-in themes
2025-10-22 06:48:42 - app_new.core.middleware - INFO - ✅ User authenticated: admin
2025-10-22 06:48:42 - plugins.system_monitor.plugin - INFO - 📊 Dashboard metrics requested
2025-10-22 06:48:42 - app_new.main - DEBUG - ✅ Response status: 200
2025-10-22 06:48:47 - app_new.main - DEBUG - 🔍 Middleware (noop): Request to /api/v1/plugins/system_monitor/metrics
2025-10-22 06:48:47 - app_new.core.middleware - DEBUG - 🔍 Middleware: GET /api/v1/plugins/system_monitor/metrics
2025-10-22 06:48:47 - app_new.core.middleware - INFO - 🍪 Token from cookie: eyJhbGciOiJIUzI1NiIs...
2025-10-22 06:48:47 - app_new.core.middleware - INFO - 🍪 All cookies: ['access_token']
2025-10-22 06:48:47 - app_new.core.middleware - INFO - 🔍 Verifying token...
2025-10-22 06:48:47 - app_new.core.middleware - INFO - ✅ Token verified! Payload: {'sub': '5', 'username': 'admin', 'is_admin': True, 'exp': 1761219845}
2025-10-22 06:48:47 - app_new.core.themes - INFO - ✅ Theme tables initialized
2025-10-22 06:48:47 - app_new.core.themes - INFO - ✅ Loaded 6 built-in themes
2025-10-22 06:48:47 - app_new.core.middleware - INFO - ✅ User authenticated: admin
2025-10-22 06:48:47 - plugins.system_monitor.plugin - INFO - 📊 Dashboard metrics requested
2025-10-22 06:48:47 - app_new.main - DEBUG - ✅ Response status: 200
